# this file is part of the codegen and contains all errors that cmc has 
# it exists to make adding errors easier becouse i forgot to add them to the print function

NO
MEM
CONNETING
SOCKET
CLOSING
RECV
INVALID_PACKET_LEN
ZLIB_INIT
ZLIB_INFLATE
SENDER_LYING
ZLIB_COMPRESS
SENDING
KICKED_WHILE_LOGIN
SERVER_ONLINE_MODE
UNKOWN_PACKET
MALLOC_ZERO
INVALID_ARGUMENTS
BUFFER_UNDERUN
BUFFER_OVERFLOW
STRING_LENGHT
INVALID_STRING
INVALID_LENGHT
INVALID_NBT_TAG_TYPE
NOT_IMPLEMENTED_YET
ASSERT
UNSUPPORTED_PROTOCOL_VERSION
UNEXPECTED_PACKET
